\BOOKMARK [1][-]{section*.2}{\376\377\230\230\166\356\060\001\173\046\123\367\176\246\133\232\116\016\123\302\200\003\116\146\133\371\136\224\121\163\174\373}{}% 1
\BOOKMARK [1][-]{section.1}{\376\377\173\054\116\000\220\350\122\006\377\032\147\011\226\120\117\123\171\357\154\325\123\112\171\273\145\143\137\142\137\017}{}% 2
\BOOKMARK [2][-]{subsection.1.1}{\376\377\127\050\143\247\122\066\117\123\116\012\171\357\122\006\143\247\122\066\145\271\172\013}{section.1}% 3
\BOOKMARK [2][-]{subsection.1.2}{\376\377\122\051\165\050\232\330\145\257\145\143\136\246\133\232\164\006\131\004\164\006\142\151\145\143\230\171}{section.1}% 4
\BOOKMARK [2][-]{subsection.1.3}{\376\377\137\227\122\060\145\366\225\364\217\336\176\355\166\204\123\112\171\273\145\143\133\210\140\122\137\017}{section.1}% 5
\BOOKMARK [1][-]{section.2}{\376\377\173\054\116\214\220\350\122\006\377\032\172\172\225\364\146\076\137\017\171\273\145\143}{}% 6
\BOOKMARK [2][-]{subsection.2.1}{\376\377\116\072\116\300\116\110\142\151\145\143\230\171\221\307\165\050\176\277\140\047\154\325\124\021\150\257\136\246\200\014\116\015\146\057\217\316\230\316\150\074\137\017}{section.2}% 7
\BOOKMARK [2][-]{subsection.2.2}{\376\377\153\143\116\244\177\121\150\074\116\012\166\204\227\142\154\325\124\021\150\257\136\246}{section.2}% 8
\BOOKMARK [2][-]{subsection.2.3}{\376\377\153\143\116\244\177\121\150\074\116\012\166\204\225\355\124\010\123\112\171\273\145\143\145\271\172\013}{section.2}% 9
\BOOKMARK [2][-]{subsection.2.4}{\376\377\116\214\176\364\127\107\123\000\167\351\137\142\177\121\150\074\116\012\166\204\134\125\137\000}{section.2}% 10
\BOOKMARK [2][-]{subsection.2.5}{\376\377\227\136\153\143\116\244\116\011\211\322\137\142\124\214\126\333\217\271\137\142\177\121\150\074}{section.2}% 11
\BOOKMARK [2][-]{subsection.2.6}{\376\377\117\177\165\050\232\330\145\257\121\154\137\017\213\241\173\227\227\136\153\143\116\244\117\356\153\143\142\100\227\000\150\257\136\246}{section.2}% 12
\BOOKMARK [2][-]{subsection.2.7}{\376\377\227\136\153\143\116\244\177\121\150\074\116\012\166\204\133\214\145\164\146\076\137\017\172\172\225\364\173\227\133\120}{section.2}% 13
\BOOKMARK [2][-]{subsection.2.8}{\376\377\000D\000i\000r\000i\000c\000h\000l\000e\000t\217\271\165\114\147\141\116\366}{section.2}% 14
\BOOKMARK [2][-]{subsection.2.9}{\376\377\000N\000e\000u\000m\000a\000n\000n\217\271\165\114\147\141\116\366\123\312\173\046\123\367}{section.2}% 15
\BOOKMARK [2][-]{subsection.2.10}{\376\377\000O\000p\000e\000n\000F\000O\000A\000M\116\055\166\204\172\172\225\364\146\076\137\017\173\227\133\120}{section.2}% 16
\BOOKMARK [1][-]{section.3}{\376\377\173\054\116\011\220\350\122\006\377\032\145\366\225\364\146\076\137\017\171\273\145\143\116\016\172\063\133\232\140\047}{}% 17
\BOOKMARK [2][-]{subsection.3.1}{\376\377\116\316\000T\000a\000y\000l\000o\000r\134\125\137\000\143\250\133\374\124\021\122\115\000E\000u\000l\000e\000r\150\074\137\017}{section.3}% 18
\BOOKMARK [2][-]{subsection.3.2}{\376\377\116\343\121\145\172\172\225\364\171\273\145\143\173\227\133\120}{section.3}% 19
\BOOKMARK [2][-]{subsection.3.3}{\376\377\153\143\116\244\177\121\150\074\116\012\166\204\146\076\137\017\174\373\145\160\137\142\137\017}{section.3}% 20
\BOOKMARK [2][-]{subsection.3.4}{\376\377\116\214\176\364\127\107\123\000\167\351\137\142\177\121\150\074\116\012\166\204\133\214\145\164\146\364\145\260\137\017}{section.3}% 21
\BOOKMARK [2][-]{subsection.3.5}{\376\377\116\000\202\054\143\247\122\066\117\123\116\012\166\204\146\076\137\017\142\151\145\143\172\063\133\232\140\047\147\141\116\366}{section.3}% 22
\BOOKMARK [2][-]{subsection.3.6}{\376\377\116\214\176\364\127\107\123\000\177\121\150\074\166\204\172\063\133\232\140\047\147\141\116\366}{section.3}% 23
\BOOKMARK [2][-]{subsection.3.7}{\376\377\227\136\153\143\116\244\117\356\153\143\116\016\172\063\133\232\140\047\213\364\146\016}{section.3}% 24
\BOOKMARK [1][-]{section.4}{\376\377\173\054\126\333\220\350\122\006\377\032\133\214\145\164\154\102\211\343\126\150\173\227\154\325\116\016\173\227\117\213\232\214\213\301}{}% 25
\BOOKMARK [2][-]{subsection.4.1}{\376\377\217\223\121\145\124\214\121\340\117\125\230\204\131\004\164\006}{section.4}% 26
\BOOKMARK [2][-]{subsection.4.2}{\376\377\116\000\116\052\145\366\225\364\153\145\166\204\133\210\140\122\227\142\210\305\221\115}{section.4}% 27
\BOOKMARK [2][-]{subsection.4.3}{\376\377\217\271\165\114\227\142\210\305\221\115\124\214\124\014\153\145\146\364\145\260}{section.4}% 28
\BOOKMARK [2][-]{subsection.4.4}{\376\377\133\214\145\164\154\102\211\343\126\150\117\052\116\343\170\001}{section.4}% 29
\BOOKMARK [2][-]{subsection.4.5}{\376\377\000O\000p\000e\000n\000F\000O\000A\000M\133\236\163\260\232\250\147\266}{section.4}% 30
\BOOKMARK [2][-]{subsection.4.6}{\376\377\173\227\117\213\116\000\377\032\124\053\225\364\145\255\122\035\120\074\166\204\142\151\145\143\145\271\172\013}{section.4}% 31
\BOOKMARK [2][-]{subsection.4.7}{\376\377\173\227\117\213\116\214\377\032\217\336\176\355\232\330\145\257\121\375\145\160\142\151\145\143}{section.4}% 32
\BOOKMARK [2][-]{subsection.4.8}{\376\377\213\357\135\356\203\003\145\160\124\214\211\302\155\113\145\066\145\133\226\066}{section.4}% 33
\BOOKMARK [2][-]{subsection.4.9}{\376\377\147\000\176\310\123\357\166\364\143\245\133\236\163\260\166\204\150\070\137\303\121\154\137\017}{section.4}% 34
