\BOOKMARK [1][-]{section*.2}{\376\377\230\230\166\356\060\001\117\235\143\156\203\003\126\364\116\016\173\046\123\367\176\246\133\232}{}% 1
\BOOKMARK [1][-]{section.1}{\376\377\143\247\122\066\117\123\171\357\122\006\116\016\147\011\226\120\117\123\171\357\123\112\171\273\145\143\137\142\137\017}{}% 2
\BOOKMARK [2][-]{subsection.1.1}{\376\377\143\247\122\066\117\123\171\357\122\006}{section.1}% 3
\BOOKMARK [2][-]{subsection.1.2}{\376\377\117\134\116\072\164\006\211\343\217\205\122\251\166\204\162\151\164\006\142\151\145\143\220\032\221\317}{section.1}% 4
\BOOKMARK [1][-]{section.2}{\376\377\172\172\225\364\171\273\145\143\377\032\000O\000p\000e\000n\000F\000O\000A\000M\166\204\000L\000a\000p\000l\000a\000c\000i\000a\000n\210\305\221\115\220\073\217\221}{}% 5
\BOOKMARK [2][-]{subsection.2.1}{\376\377\153\143\116\244\177\121\150\074\116\012\166\204\176\277\140\047\227\142\154\325\124\021\150\257\136\246}{section.2}% 6
\BOOKMARK [2][-]{subsection.2.2}{\376\377\227\136\153\143\116\244\177\121\150\074\166\204\227\142\171\357\124\021\221\317\122\006\211\343}{section.2}% 7
\BOOKMARK [2][-]{subsection.2.3}{\376\377\000c\000o\000r\000r\000e\000c\000t\000e\000d\150\074\137\017\166\204\227\142\220\032\221\317}{section.2}% 8
\BOOKMARK [2][-]{subsection.2.4}{\376\377\150\257\136\246\213\241\173\227\116\016\136\366\217\337\117\356\153\143}{section.2}% 9
\BOOKMARK [1][-]{section.3}{\376\377\000D\000i\000r\000i\000c\000h\000l\000e\000t\217\271\165\114\116\016\133\214\145\164\171\273\145\143\145\271\172\013}{}% 10
\BOOKMARK [2][-]{subsection.3.1}{\376\377\000D\000i\000r\000i\000c\000h\000l\000e\000t\217\271\165\114\227\142\220\032\221\317}{section.3}% 11
\BOOKMARK [2][-]{subsection.3.2}{\376\377\133\210\140\122\210\305\221\115}{section.3}% 12
\BOOKMARK [1][-]{section.4}{\376\377\116\343\145\160\167\351\226\065\137\142\137\017\116\016\000O\000p\000e\000n\000F\000O\000A\000M\173\046\123\367\176\246\133\232}{}% 13
\BOOKMARK [2][-]{subsection.4.1}{\376\377\121\205\220\350\227\142\060\001\217\271\165\114\227\142\124\214\156\220\230\171\133\371\167\351\226\065\166\204\215\041\163\056}{section.4}% 14
\BOOKMARK [2][-]{subsection.4.2}{\376\377\171\273\145\143\133\210\140\122\140\047}{section.4}% 15
\BOOKMARK [1][-]{section.5}{\376\377\000O\000p\000e\000n\000F\000O\000A\000M\172\172\225\364\171\273\145\143\116\016\154\102\211\343\126\150\133\236\163\260}{}% 16
\BOOKMARK [2][-]{subsection.5.1}{\376\377\145\160\133\146\173\227\133\120\116\016\000O\000p\000e\000n\000F\000O\000A\000M\173\227\133\120\166\204\133\371\136\224}{section.5}% 17
\BOOKMARK [2][-]{subsection.5.2}{\376\377\172\172\225\364\150\074\137\017\221\115\177\156}{section.5}% 18
\BOOKMARK [2][-]{subsection.5.3}{\376\377\154\102\211\343\126\150\145\160\133\146\150\070\137\303}{section.5}% 19
\BOOKMARK [2][-]{subsection.5.4}{\376\377\121\154\137\017\040\023\000c\000a\000s\000e\000s\145\207\116\366\040\023\116\343\170\001\133\371\136\224\121\163\174\373}{section.5}% 20
\BOOKMARK [1][-]{section.6}{\376\377\230\230\166\356\173\054\0004\000.\0002\202\202\145\160\120\074\173\227\117\213\116\016\232\214\213\301}{}% 21
\BOOKMARK [2][-]{subsection.6.1}{\376\377\211\343\147\220\211\343\116\016\156\220\230\171\201\352\155\075\140\047}{section.6}% 22
\BOOKMARK [2][-]{subsection.6.2}{\376\377\116\011\211\322\137\142\116\016\126\333\217\271\137\142\177\121\150\074\116\012\166\204\213\241\173\227\155\101\172\013}{section.6}% 23
\BOOKMARK [2][-]{subsection.6.3}{\376\377\116\045\150\074\221\307\165\050\230\230\166\356\226\104\137\125\000A\166\204\213\357\135\356\133\232\116\111}{section.6}% 24
\BOOKMARK [2][-]{subsection.6.4}{\376\377\145\066\145\133\226\066}{section.6}% 25
\BOOKMARK [1][-]{section.7}{\376\377\221\315\211\201\121\154\137\017\154\107\140\073}{}% 26
\BOOKMARK [1][-]{Item.15}{\376\377\123\302\200\003\145\207\163\056}{}% 27
